node_modules/@prisma/client-runtime-utils/dist/index.d.ts(4,5): error TS18028: Private identifiers are only available when targeting ECMAScript 2015 and higher.
node_modules/@prisma/client-runtime-utils/dist/index.d.ts(10,5): error TS18028: Private identifiers are only available when targeting ECMAScript 2015 and higher.
node_modules/@prisma/client-runtime-utils/dist/index.d.ts(316,5): error TS18028: Private identifiers are only available when targeting ECMAScript 2015 and higher.
